{
  "glist1": {
    "root": {
      "gid": 0,
      "members": []
    }
  },
  "glist2": {
    "root": {
      "gid": 0,
      "members": []
    }
  },
  "glist3": {
    "root": {
      "gid": 0,
      "members": []
    }
  },
  "glist4": {
    "root": {
      "gid": 0,
      "members": []
    }
  },
  "glist5": {
    "root": {
      "gid": 0,
      "members": []
    }
  },
  "glist6": {
    "root": {
      "gid": 0,
      "members": []
    }
  },
  "glist7": {
    "root": {
      "gid": 0,
      "members": []
    }
  },
  "glist8": {
  }
}
