{
  "ulist1": {
    "root": {
      "dir": "/root",
      "gecos": "root",
      "gid": 0,
      "shell": "/bin/bash",
      "uid": 0
    }
  },
  "ulist2": {
    "root": {
      "dir": "/root",
      "gecos": "root",
      "gid": 0,
      "shell": "/bin/bash",
      "uid": 0
    }
  },
  "ulist3": {
    "root": {
      "dir": "/root",
      "gecos": "root",
      "gid": 0,
      "shell": "/bin/bash",
      "uid": 0
    }
  },
  "ulist4": {
    "root": {
      "dir": "/root",
      "gecos": "root",
      "gid": 0,
      "shell": "/bin/bash",
      "uid": 0
    }
  },
  "ulist5": {
    "root": {
      "dir": "/root",
      "gecos": "root",
      "gid": 0,
      "shell": "/bin/bash",
      "uid": 0
    }
  },
  "ulist6": {
    "root": {
      "dir": "/root",
      "gecos": "root",
      "gid": 0,
      "shell": "/bin/bash",
      "uid": 0
    }
  },
  "ulist7": {
    "root": {
      "dir": "/root",
      "gecos": "root",
      "gid": 0,
      "shell": "/bin/bash",
      "uid": 0
    }
  },
  "ulist8": {
  }
}
