{
  "ulist1": {
    "root": {
      "dir": "/root",
      "gecos": "root",
      "gid": 0,
      "shell": "/bin/bash",
      "uid": 0
    }
  },
  "ulist2": {
    "root": {
      "dir": "/root",
      "gecos": "root",
      "gid": 0,
      "shell": "/bin/bash",
      "uid": 0
    }
  },
  "ulist3": {
    "root": {
      "dir": "/root",
      "gecos": "root",
      "gid": 0,
      "shell": "/bin/bash",
      "uid": 0
    }
  },
  "ulist4": {
    "root": {
      "dir": "/root",
      "gecos": "root",
      "gid": 0,
      "shell": "/bin/bash",
      "uid": 0
    }
  },
  "ulist5": {
    "test_user1": {
      "dir": "/tmp/test_folder1",
      "gecos": "TestUser 1",
      "gid": 100,
      "shell": "/bin/sh",
      "uid": 12345
    },
    "test_user2": {
      "dir": "/tmp/test_folder2",
      "gecos": "TestUser 2",
      "gid": 100,
      "shell": "/bin/sh",
      "uid": 54321
    }
  },
  "ulist6": {
    "test_user1": {
      "dir": "/tmp/test_folder1",
      "gecos": "TestUser 1",
      "gid": 100,
      "shell": "/bin/sh",
      "uid": 12345
    }
  },
  "ulist7": {
    "test_user1": {
      "dir": "/tmp/test_folder1",
      "gecos": "TestUser 1",
      "gid": 100,
      "shell": "/bin/sh",
      "uid": 12345
    }
  },
  "ulist8": {
  }
}
